2026-09-10 11:21 INFO: == START benchmarking. tool:maze, tasktype:true-valid-assert
2026-09-10 11:22 INFO: P:jayhorn-recursive/Addition,  verdict:True, expecting:True, T=48.769
2026-09-10 11:23 INFO: P:jayhorn-recursive/SatAckermann01,  verdict:TIMEOUT, expecting:True, T=70.208
2026-09-10 11:23 INFO: P:jayhorn-recursive/SatAddition01,  verdict:True, expecting:True, T=6.883
2026-09-10 11:24 INFO: P:jayhorn-recursive/SatEvenOdd01,  verdict:True, expecting:True, T=36.104
2026-09-10 11:25 INFO: P:jayhorn-recursive/SatFibonacci01,  verdict:TIMEOUT, expecting:True, T=70.272
2026-09-10 11:25 INFO: P:jayhorn-recursive/SatFibonacci02,  verdict:True, expecting:True, T=2.294
2026-09-10 11:26 INFO: P:jayhorn-recursive/SatGcd,  verdict:TIMEOUT, expecting:True, T=70.018
2026-09-10 11:26 INFO: == END
2026-09-10 11:26 INFO: == tasktype:true-valid-assert, #problems:7, tested:7, correct:4
2026-09-10 11:31 INFO: == START benchmarking. tool:maze, tasktype:false-valid-assert
2026-09-10 11:31 INFO: P:jayhorn-recursive/Ackermann01,  verdict:False, expecting:False, T=1.492
2026-09-10 11:31 INFO: P:jayhorn-recursive/InfiniteLoop,  verdict:False, expecting:False, T=1.242
2026-09-10 11:31 INFO: == END
2026-09-10 11:31 INFO: == tasktype:false-valid-assert, #problems:2, tested:2, correct:2
2026-09-10 11:32 INFO: == START benchmarking. tool:maze, tasktype:false-valid-assert
2026-09-10 11:32 INFO: P:jayhorn-recursive/Ackermann01,  verdict:False, expecting:False, T=1.378
2026-09-10 11:32 INFO: P:jayhorn-recursive/InfiniteLoop,  verdict:False, expecting:False, T=1.283
2026-09-10 11:32 INFO: == END
2026-09-10 11:32 INFO: == tasktype:false-valid-assert, #problems:2, tested:2, correct:2
2026-09-10 11:32 INFO: == START benchmarking. tool:maze, tasktype:true-valid-assert
2026-09-10 11:33 INFO: P:jayhorn-recursive/Addition,  verdict:True, expecting:True, T=49.754
2026-09-10 11:34 INFO: P:jayhorn-recursive/SatAckermann01,  verdict:TIMEOUT, expecting:True, T=70.231
2026-09-10 11:34 INFO: P:jayhorn-recursive/SatAddition01,  verdict:True, expecting:True, T=9.193
2026-09-10 11:35 INFO: P:jayhorn-recursive/SatEvenOdd01,  verdict:True, expecting:True, T=49.319
2026-09-10 11:36 INFO: P:jayhorn-recursive/SatFibonacci01,  verdict:TIMEOUT, expecting:True, T=70.026
2026-09-10 11:36 INFO: P:jayhorn-recursive/SatFibonacci02,  verdict:True, expecting:True, T=1.252
2026-09-10 11:37 INFO: P:jayhorn-recursive/SatGcd,  verdict:True, expecting:True, T=61.883
2026-09-10 11:39 INFO: P:jayhorn-recursive/SatHanoi01,  verdict:TIMEOUT, expecting:True, T=70.231
2026-09-10 11:40 INFO: P:jayhorn-recursive/SatMccarthy91,  verdict:True, expecting:True, T=61.177
2026-09-10 11:41 INFO: P:jayhorn-recursive/SatMultCommutative01,  verdict:TIMEOUT, expecting:True, T=70.15
2026-09-10 11:42 INFO: P:jayhorn-recursive/SatPrimes01,  verdict:TIMEOUT, expecting:True, T=70.413
2026-09-10 11:42 INFO: == END
2026-09-10 11:42 INFO: == tasktype:true-valid-assert, #problems:11, tested:11, correct:6
2026-09-10 11:58 INFO: == START benchmarking. tool:maze, tasktype:true-valid-assert
2026-09-10 11:59 INFO: P:jayhorn-recursive/Addition,  verdict:True, expecting:True, T=41.765
2026-09-10 12:00 INFO: P:jayhorn-recursive/SatAckermann01,  verdict:TIMEOUT, expecting:True, T=70.041
2026-09-10 12:01 INFO: P:jayhorn-recursive/SatAckermann02,  verdict:True, expecting:True, T=61.252
2026-09-10 12:03 INFO: P:jayhorn-recursive/SatAckermann03,  verdict:TIMEOUT, expecting:True, T=70.188
2026-09-10 12:03 INFO: P:jayhorn-recursive/SatAddition01,  verdict:True, expecting:True, T=7.394
2026-09-10 12:03 INFO: P:jayhorn-recursive/SatEvenOdd01,  verdict:True, expecting:True, T=4.285
2026-09-10 12:04 INFO: P:jayhorn-recursive/SatFibonacci01,  verdict:True, expecting:True, T=64.948
2026-09-10 12:04 INFO: P:jayhorn-recursive/SatFibonacci02,  verdict:True, expecting:True, T=1.342
2026-09-10 12:05 INFO: P:jayhorn-recursive/SatFibonacci03,  verdict:True, expecting:True, T=61.094
2026-09-10 12:06 INFO: P:jayhorn-recursive/SatGcd,  verdict:True, expecting:True, T=62.339
2026-09-10 12:07 INFO: P:jayhorn-recursive/SatHanoi01,  verdict:TIMEOUT, expecting:True, T=70.253
2026-09-10 12:08 INFO: P:jayhorn-recursive/SatMccarthy91,  verdict:True, expecting:True, T=61.072
2026-09-10 12:09 INFO: P:jayhorn-recursive/SatMultCommutative01,  verdict:True, expecting:True, T=67.221
2026-09-10 12:10 INFO: P:jayhorn-recursive/SatPrimes01,  verdict:True, expecting:True, T=66.457
2026-09-10 12:10 INFO: == END
2026-09-10 12:10 INFO: == tasktype:true-valid-assert, #problems:14, tested:14, correct:11
2026-09-10 12:30 INFO: == START benchmarking. tool:maze, tasktype:false-valid-assert
2026-09-10 12:30 INFO: P:jayhorn-recursive/Ackermann01,  verdict:False, expecting:False, T=0.994
2026-09-10 12:30 INFO: P:jayhorn-recursive/InfiniteLoop,  verdict:False, expecting:False, T=0.994
2026-09-10 12:30 INFO: == END
2026-09-10 12:30 INFO: == tasktype:false-valid-assert, #problems:2, tested:2, correct:2
2026-09-10 12:39 INFO: == START benchmarking. tool:maze, tasktype:false-valid-assert
2026-09-10 12:39 INFO: P:jayhorn-recursive/Ackermann01,  verdict:False, expecting:False, T=1.704
2026-09-10 12:39 INFO: P:jayhorn-recursive/InfiniteLoop,  verdict:False, expecting:False, T=1.182
2026-09-10 12:39 INFO: P:jayhorn-recursive/UnsatAckermann01,  verdict:False, expecting:False, T=1.241
2026-09-10 12:39 INFO: P:jayhorn-recursive/UnsatAddition01,  verdict:False, expecting:False, T=1.28
2026-09-10 12:40 INFO: P:jayhorn-recursive/UnsatAddition02,  verdict:TIMEOUT, expecting:False, T=70.308
2026-09-10 12:40 INFO: P:jayhorn-recursive/UnsatEvenOdd01,  verdict:False, expecting:False, T=1.222
2026-09-10 12:40 INFO: P:jayhorn-recursive/UnsatFibonacci01,  verdict:False, expecting:False, T=2.229
2026-09-10 12:41 INFO: P:jayhorn-recursive/UnsatFibonacci02,  verdict:False, expecting:False, T=22.329
2026-09-10 12:41 INFO: P:jayhorn-recursive/UnsatMccarthy91,  verdict:False, expecting:False, T=0.901
2026-09-10 12:41 INFO: == END
2026-09-10 12:41 INFO: == tasktype:false-valid-assert, #problems:9, tested:9, correct:8
2026-09-10 12:45 INFO: == START benchmarking. tool:maze, tasktype:false-valid-assert
2026-09-10 12:45 INFO: P:jayhorn-recursive/Ackermann01,  verdict:False, expecting:False, T=0.965
2026-09-10 12:45 INFO: P:jayhorn-recursive/InfiniteLoop,  verdict:False, expecting:False, T=0.905
2026-09-10 12:45 INFO: P:jayhorn-recursive/UnsatAckermann01,  verdict:False, expecting:False, T=1.062
2026-09-10 12:45 INFO: P:jayhorn-recursive/UnsatAddition01,  verdict:False, expecting:False, T=0.98
2026-09-10 12:46 INFO: P:jayhorn-recursive/UnsatAddition02,  verdict:True, expecting:False, T=76.083
2026-09-10 12:46 INFO: P:jayhorn-recursive/UnsatEvenOdd01,  verdict:False, expecting:False, T=1.215
2026-09-10 12:46 INFO: P:jayhorn-recursive/UnsatFibonacci01,  verdict:False, expecting:False, T=2.399
2026-09-10 12:46 INFO: P:jayhorn-recursive/UnsatFibonacci02,  verdict:False, expecting:False, T=23.171
2026-09-10 12:46 INFO: P:jayhorn-recursive/UnsatMccarthy91,  verdict:False, expecting:False, T=0.985
2026-09-10 12:46 INFO: == END
2026-09-10 12:46 INFO: == tasktype:false-valid-assert, #problems:9, tested:9, correct:8
2026-09-10 12:49 INFO: == START benchmarking. tool:maze, tasktype:false-valid-assert
2026-09-10 12:49 INFO: P:jayhorn-recursive/Ackermann01,  verdict:False, expecting:False, T=0.974
2026-09-10 12:49 INFO: P:jayhorn-recursive/InfiniteLoop,  verdict:False, expecting:False, T=0.887
2026-09-10 12:49 INFO: P:jayhorn-recursive/UnsatAckermann01,  verdict:False, expecting:False, T=1.037
2026-09-10 12:49 INFO: P:jayhorn-recursive/UnsatAddition01,  verdict:False, expecting:False, T=0.945
2026-09-10 12:49 INFO: P:jayhorn-recursive/UnsatAddition02,  verdict:False, expecting:False, T=28.514
2026-09-10 12:49 INFO: P:jayhorn-recursive/UnsatEvenOdd01,  verdict:False, expecting:False, T=0.949
2026-09-10 12:49 INFO: P:jayhorn-recursive/UnsatFibonacci01,  verdict:False, expecting:False, T=1.684
2026-09-10 12:50 INFO: P:jayhorn-recursive/UnsatFibonacci02,  verdict:False, expecting:False, T=22.31
2026-09-10 12:50 INFO: P:jayhorn-recursive/UnsatMccarthy91,  verdict:False, expecting:False, T=0.948
2026-09-10 12:50 INFO: == END
2026-09-10 12:50 INFO: == tasktype:false-valid-assert, #problems:9, tested:9, correct:9
2026-09-10 12:57 INFO: == START benchmarking. tool:maze, tasktype:true-no-runtime-exception
2026-09-10 12:58 INFO: P:jayhorn-recursive/Ackermann01,  verdict:TIMEOUT, expecting:True, T=70.291
2026-09-10 12:59 INFO: P:jayhorn-recursive/Addition,  verdict:True, expecting:True, T=49.816
2026-09-10 13:00 INFO: P:jayhorn-recursive/InfiniteLoop,  verdict:TIMEOUT, expecting:True, T=70.293
2026-09-10 13:01 INFO: P:jayhorn-recursive/SatAckermann01,  verdict:TIMEOUT, expecting:True, T=70.174
2026-09-10 13:02 INFO: P:jayhorn-recursive/SatAckermann02,  verdict:TIMEOUT, expecting:True, T=70.281
2026-09-10 13:04 INFO: P:jayhorn-recursive/SatAckermann03,  verdict:TIMEOUT, expecting:True, T=70.037
2026-09-10 13:04 INFO: P:jayhorn-recursive/SatAddition01,  verdict:True, expecting:True, T=14.557
2026-09-10 13:05 INFO: P:jayhorn-recursive/SatEvenOdd01,  verdict:True, expecting:True, T=65.222
2026-09-10 13:06 INFO: P:jayhorn-recursive/SatFibonacci01,  verdict:TIMEOUT, expecting:True, T=70.045
2026-09-10 13:06 INFO: P:jayhorn-recursive/SatFibonacci02,  verdict:True, expecting:True, T=1.294
2026-09-10 13:07 INFO: P:jayhorn-recursive/SatFibonacci03,  verdict:TIMEOUT, expecting:True, T=70.149
2026-09-10 13:08 INFO: P:jayhorn-recursive/SatGcd,  verdict:True, expecting:True, T=62.345
2026-09-10 13:09 INFO: P:jayhorn-recursive/SatHanoi01,  verdict:TIMEOUT, expecting:True, T=70.323
2026-09-10 13:10 INFO: P:jayhorn-recursive/SatMccarthy91,  verdict:True, expecting:True, T=61.009
2026-09-10 13:12 INFO: P:jayhorn-recursive/SatMultCommutative01,  verdict:TIMEOUT, expecting:True, T=70.145
2026-09-10 13:13 INFO: P:jayhorn-recursive/SatPrimes01,  verdict:TIMEOUT, expecting:True, T=70.302
2026-09-10 13:14 INFO: P:jayhorn-recursive/UnsatAckermann01,  verdict:TIMEOUT, expecting:True, T=70.34
2026-09-10 13:15 INFO: P:jayhorn-recursive/UnsatAddition01,  verdict:TIMEOUT, expecting:True, T=70.281
2026-09-10 13:16 INFO: P:jayhorn-recursive/UnsatAddition02,  verdict:TIMEOUT, expecting:True, T=70.248
2026-09-10 13:17 INFO: P:jayhorn-recursive/UnsatEvenOdd01,  verdict:True, expecting:True, T=45.114
2026-09-10 13:18 INFO: P:jayhorn-recursive/UnsatFibonacci01,  verdict:TIMEOUT, expecting:True, T=70.212
2026-09-10 13:19 INFO: P:jayhorn-recursive/UnsatFibonacci02,  verdict:TIMEOUT, expecting:True, T=70.033
2026-09-10 13:20 INFO: P:jayhorn-recursive/UnsatMccarthy91,  verdict:True, expecting:True, T=60.871
2026-09-10 13:20 INFO: == END
2026-09-10 13:20 INFO: == tasktype:true-no-runtime-exception, #problems:23, tested:23, correct:8
2026-09-10 13:21 INFO: == START benchmarking. tool:maze, tasktype:false-no-runtime-exception
2026-09-10 13:21 INFO: == END
2026-09-10 13:21 INFO: == tasktype:false-no-runtime-exception, #problems:0, tested:0, correct:0
2026-09-10 13:25 INFO: == START benchmarking. tool:maze, tasktype:true-valid-assert
2026-09-10 13:25 INFO: P:algorithms/BellmanFord-MemSat02,  verdict:CRASH, expecting:True, T=0.583
2026-09-10 13:25 INFO: == END
2026-09-10 13:25 INFO: == tasktype:true-valid-assert, #problems:1, tested:1, correct:0
2026-09-10 13:25 INFO: == START benchmarking. tool:maze, tasktype:true-valid-assert
2026-09-10 13:26 INFO: P:algorithms/BellmanFord-MemSat02,  verdict:True, expecting:True, T=60.91
2026-09-10 13:26 INFO: == END
2026-09-10 13:26 INFO: == tasktype:true-valid-assert, #problems:1, tested:1, correct:1
2026-09-10 14:00 INFO: == START benchmarking. tool:maze, tasktype:false-valid-assert
2026-09-10 14:00 INFO: P:algorithms/BellmanFord-FunSat02,  verdict:False, expecting:False, T=6.257
2026-09-10 14:00 INFO: == END
2026-09-10 14:00 INFO: == tasktype:false-valid-assert, #problems:1, tested:1, correct:1
2026-09-10 14:00 INFO: == START benchmarking. tool:maze, tasktype:true-no-runtime-exception
2026-09-10 14:01 INFO: P:algorithms/BellmanFord-FunSat02,  verdict:True, expecting:True, T=60.973
2026-09-10 14:02 INFO: P:algorithms/BellmanFord-MemSat02,  verdict:True, expecting:True, T=61.095
2026-09-10 14:02 INFO: == END
2026-09-10 14:02 INFO: == tasktype:true-no-runtime-exception, #problems:2, tested:2, correct:2
2026-09-10 14:03 INFO: == START benchmarking. tool:maze, tasktype:false-no-runtime-exception
2026-09-10 14:03 INFO: == END
2026-09-10 14:03 INFO: == tasktype:false-no-runtime-exception, #problems:0, tested:0, correct:0
2026-09-10 14:06 INFO: == START benchmarking. tool:maze, tasktype:false-no-runtime-exception
2026-09-10 14:06 INFO: == END
2026-09-10 14:06 INFO: == tasktype:false-no-runtime-exception, #problems:0, tested:0, correct:0
2026-09-10 14:06 INFO: == START benchmarking. tool:maze, tasktype:false-valid-assert
2026-09-10 14:06 INFO: P:algorithms/BellmanFord-FunSat02,  verdict:False, expecting:False, T=6.427
2026-09-10 14:06 INFO: == END
2026-09-10 14:06 INFO: == tasktype:false-valid-assert, #problems:1, tested:1, correct:1
2026-09-10 14:06 INFO: == START benchmarking. tool:maze, tasktype:true-valid-assert
2026-09-10 14:07 INFO: P:algorithms/BellmanFord-MemSat02,  verdict:True, expecting:True, T=61.025
2026-09-10 14:08 INFO: P:algorithms/InsertionSort-FunSat02,  verdict:True, expecting:True, T=61.447
2026-09-10 14:08 INFO: == END
2026-09-10 14:08 INFO: == tasktype:true-valid-assert, #problems:2, tested:2, correct:2
2026-09-10 14:09 INFO: == START benchmarking. tool:maze, tasktype:false-valid-assert
2026-09-10 14:09 INFO: P:algorithms/BellmanFord-FunSat02,  verdict:False, expecting:False, T=6.329
2026-09-10 14:09 INFO: == END
2026-09-10 14:09 INFO: == tasktype:false-valid-assert, #problems:1, tested:1, correct:1
2026-09-10 14:09 INFO: == START benchmarking. tool:maze, tasktype:true-no-runtime-exception
2026-09-10 14:10 INFO: P:algorithms/BellmanFord-FunSat02,  verdict:True, expecting:True, T=61.006
2026-09-10 14:11 INFO: P:algorithms/BellmanFord-MemSat02,  verdict:True, expecting:True, T=61.077
2026-09-10 14:12 INFO: P:algorithms/InsertionSort-FunSat02,  verdict:True, expecting:True, T=61.154
2026-09-10 14:12 INFO: == END
2026-09-10 14:12 INFO: == tasktype:true-no-runtime-exception, #problems:3, tested:3, correct:3
2026-09-10 14:16 INFO: == START benchmarking. tool:maze, tasktype:true-valid-assert
2026-09-10 14:17 INFO: P:algorithms/BellmanFord-MemSat02,  verdict:True, expecting:True, T=61.32
2026-09-10 14:18 INFO: P:algorithms/InsertionSort-FunSat02,  verdict:True, expecting:True, T=61.371
2026-09-10 14:19 INFO: P:algorithms/MergeSortIterative-FunSat02,  verdict:True, expecting:True, T=61.073
2026-09-10 14:19 INFO: == END
2026-09-10 14:19 INFO: == tasktype:true-valid-assert, #problems:3, tested:3, correct:3
2026-09-10 14:19 INFO: == START benchmarking. tool:maze, tasktype:true-no-runtime-exception
2026-09-10 14:20 INFO: P:algorithms/BellmanFord-FunSat02,  verdict:True, expecting:True, T=61.023
2026-09-10 14:22 INFO: P:algorithms/BellmanFord-MemSat02,  verdict:True, expecting:True, T=61.078
2026-09-10 14:23 INFO: P:algorithms/InsertionSort-FunSat02,  verdict:True, expecting:True, T=61.405
2026-09-10 14:24 INFO: P:algorithms/MergeSortIterative-FunSat02,  verdict:True, expecting:True, T=61.046
2026-09-10 14:24 INFO: == END
2026-09-10 14:24 INFO: == tasktype:true-no-runtime-exception, #problems:4, tested:4, correct:4
2026-09-10 15:29 INFO: == START benchmarking. tool:maze, tasktype:false-valid-assert
2026-09-10 15:29 INFO: P:float-nonlinear-calculation/EulerMethod,  verdict:False, expecting:False, T=1.482
2026-09-10 15:29 INFO: == END
2026-09-10 15:29 INFO: == tasktype:false-valid-assert, #problems:1, tested:1, correct:1
2026-09-10 15:32 INFO: == START benchmarking. tool:maze, tasktype:false-valid-assert
2026-09-10 15:32 INFO: P:float-nonlinear-calculation/EulerMethod,  verdict:False, expecting:False, T=1.664
2026-09-10 15:32 INFO: == END
2026-09-10 15:32 INFO: == tasktype:false-valid-assert, #problems:1, tested:1, correct:1
2026-09-10 16:37 INFO: == START benchmarking. tool:maze, tasktype:false-valid-assert
2026-09-10 16:37 INFO: P:float-nonlinear-calculation/EulerMethod,  verdict:False, expecting:False, T=1.529
2026-09-10 16:37 INFO: P:float-nonlinear-calculation/MathSin,  verdict:False, expecting:False, T=1.062
2026-09-10 16:37 INFO: == END
2026-09-10 16:37 INFO: == tasktype:false-valid-assert, #problems:2, tested:2, correct:2
2026-09-10 16:40 INFO: == START benchmarking. tool:maze, tasktype:false-valid-assert
2026-09-10 16:40 INFO: P:float-nonlinear-calculation/EulerMethod,  verdict:False, expecting:False, T=1.499
2026-09-10 16:40 INFO: P:float-nonlinear-calculation/MathSin,  verdict:False, expecting:False, T=1.134
2026-09-10 16:40 INFO: == END
2026-09-10 16:40 INFO: == tasktype:false-valid-assert, #problems:2, tested:2, correct:2
2026-09-10 16:41 INFO: == START benchmarking. tool:maze, tasktype:false-valid-assert
2026-09-10 16:41 INFO: P:float-nonlinear-calculation/MathSin,  verdict:False, expecting:False, T=1.364
2026-09-10 16:41 INFO: == END
2026-09-10 16:41 INFO: == tasktype:false-valid-assert, #problems:1, tested:1, correct:1
2026-09-10 16:42 INFO: == START benchmarking. tool:maze, tasktype:false-valid-assert
2026-09-10 16:42 INFO: P:float-nonlinear-calculation/MathSin,  verdict:False, expecting:False, T=1.145
2026-09-10 16:42 INFO: == END
2026-09-10 16:42 INFO: == tasktype:false-valid-assert, #problems:1, tested:1, correct:1
2026-09-10 16:43 INFO: == START benchmarking. tool:maze, tasktype:false-valid-assert
2026-09-10 16:43 INFO: P:float-nonlinear-calculation/MathSin,  verdict:False, expecting:False, T=1.615
2026-09-10 16:43 INFO: == END
2026-09-10 16:43 INFO: == tasktype:false-valid-assert, #problems:1, tested:1, correct:1
2026-09-10 16:44 INFO: == START benchmarking. tool:maze, tasktype:false-valid-assert
2026-09-10 16:44 INFO: == START benchmarking. tool:maze, tasktype:false-valid-assert
2026-09-10 16:44 INFO: P:float-nonlinear-calculation/MathSin,  verdict:False, expecting:False, T=1.051
2026-09-10 16:44 INFO: == END
2026-09-10 16:44 INFO: == tasktype:false-valid-assert, #problems:1, tested:1, correct:1
2026-09-10 16:46 INFO: == START benchmarking. tool:maze, tasktype:false-valid-assert
2026-09-10 16:46 INFO: P:float-nonlinear-calculation/MathSin,  verdict:False, expecting:False, T=1.723
2026-09-10 16:46 INFO: == END
2026-09-10 16:46 INFO: == tasktype:false-valid-assert, #problems:1, tested:1, correct:1
2026-09-10 16:47 INFO: == START benchmarking. tool:maze, tasktype:false-valid-assert
2026-09-10 16:47 INFO: P:float-nonlinear-calculation/MathSin,  verdict:False, expecting:False, T=1.645
2026-09-10 16:47 INFO: == END
2026-09-10 16:47 INFO: == tasktype:false-valid-assert, #problems:1, tested:1, correct:1
2026-09-10 16:48 INFO: == START benchmarking. tool:maze, tasktype:false-valid-assert
2026-09-10 16:48 INFO: P:float-nonlinear-calculation/MathSin,  verdict:True, expecting:False, T=1.696
2026-09-10 16:48 INFO: == END
2026-09-10 16:48 INFO: == tasktype:false-valid-assert, #problems:1, tested:1, correct:0
2026-09-10 16:49 INFO: == START benchmarking. tool:maze, tasktype:false-valid-assert
2026-09-10 16:49 INFO: P:float-nonlinear-calculation/MathSin,  verdict:True, expecting:False, T=1.424
2026-09-10 16:49 INFO: == END
2026-09-10 16:49 INFO: == tasktype:false-valid-assert, #problems:1, tested:1, correct:0
2026-09-10 16:50 INFO: == START benchmarking. tool:maze, tasktype:false-valid-assert
2026-09-10 16:50 INFO: P:float-nonlinear-calculation/MathSin,  verdict:True, expecting:False, T=1.721
2026-09-10 16:50 INFO: == END
2026-09-10 16:50 INFO: == tasktype:false-valid-assert, #problems:1, tested:1, correct:0
2026-09-10 16:50 INFO: == START benchmarking. tool:maze, tasktype:false-valid-assert
2026-09-10 16:50 INFO: P:float-nonlinear-calculation/MathSin,  verdict:True, expecting:False, T=1.13
2026-09-10 16:50 INFO: == END
2026-09-10 16:50 INFO: == tasktype:false-valid-assert, #problems:1, tested:1, correct:0
2026-09-10 16:51 INFO: == START benchmarking. tool:maze, tasktype:false-valid-assert
2026-09-10 16:51 INFO: P:float-nonlinear-calculation/MathSin,  verdict:True, expecting:False, T=1.111
2026-09-10 16:51 INFO: == END
2026-09-10 16:51 INFO: == tasktype:false-valid-assert, #problems:1, tested:1, correct:0
2026-09-10 16:51 INFO: == START benchmarking. tool:maze, tasktype:false-valid-assert
2026-09-10 16:51 INFO: P:float-nonlinear-calculation/MathSin,  verdict:True, expecting:False, T=1.458
2026-09-10 16:51 INFO: == END
2026-09-10 16:51 INFO: == tasktype:false-valid-assert, #problems:1, tested:1, correct:0
2026-09-10 16:52 INFO: == START benchmarking. tool:maze, tasktype:false-valid-assert
2026-09-10 16:52 INFO: P:float-nonlinear-calculation/EulerMethod,  verdict:False, expecting:False, T=0.992
2026-09-10 16:52 INFO: P:float-nonlinear-calculation/MathSin,  verdict:True, expecting:False, T=1.208
2026-09-10 16:52 INFO: == END
2026-09-10 16:52 INFO: == tasktype:false-valid-assert, #problems:2, tested:2, correct:1
2026-09-10 16:54 INFO: == START benchmarking. tool:maze, tasktype:false-valid-assert
2026-09-10 16:54 INFO: P:float-nonlinear-calculation/EulerMethod,  verdict:False, expecting:False, T=1.488
2026-09-10 16:54 INFO: P:float-nonlinear-calculation/MathSin,  verdict:True, expecting:False, T=1.143
2026-09-10 16:54 INFO: == END
2026-09-10 16:54 INFO: == tasktype:false-valid-assert, #problems:2, tested:2, correct:1
2026-09-10 16:56 INFO: == START benchmarking. tool:maze, tasktype:false-valid-assert
2026-09-10 16:56 INFO: P:float-nonlinear-calculation/EulerMethod,  verdict:False, expecting:False, T=1.539
2026-09-10 16:56 INFO: P:float-nonlinear-calculation/MathSin,  verdict:True, expecting:False, T=1.064
2026-09-10 16:56 INFO: == END
2026-09-10 16:56 INFO: == tasktype:false-valid-assert, #problems:2, tested:2, correct:1
2026-09-10 16:58 INFO: == START benchmarking. tool:maze, tasktype:false-valid-assert
2026-09-10 16:58 INFO: P:float-nonlinear-calculation/EulerMethod,  verdict:False, expecting:False, T=1.467
2026-09-10 16:58 INFO: P:float-nonlinear-calculation/MathSin,  verdict:True, expecting:False, T=1.055
2026-09-10 17:00 INFO: P:float-nonlinear-calculation/Optimization1,  verdict:TIMEOUT, expecting:False, T=70.032
2026-09-10 17:00 INFO: == END
2026-09-10 17:00 INFO: == tasktype:false-valid-assert, #problems:3, tested:3, correct:1
2026-09-10 17:03 INFO: == START benchmarking. tool:maze, tasktype:false-valid-assert
2026-09-10 17:03 INFO: P:float-nonlinear-calculation/EulerMethod,  verdict:False, expecting:False, T=1.521
2026-09-10 17:03 INFO: P:float-nonlinear-calculation/MathSin,  verdict:True, expecting:False, T=1.473
2026-09-10 17:04 INFO: P:float-nonlinear-calculation/Optimization1,  verdict:TIMEOUT, expecting:False, T=70.043
2026-09-10 17:05 INFO: P:float-nonlinear-calculation/Optimization2,  verdict:TIMEOUT, expecting:False, T=70.079
2026-09-10 17:05 INFO: == END
2026-09-10 17:05 INFO: == tasktype:false-valid-assert, #problems:4, tested:4, correct:1
2026-09-10 17:08 INFO: == START benchmarking. tool:maze, tasktype:false-valid-assert
2026-09-10 17:08 INFO: P:float-nonlinear-calculation/EulerMethod,  verdict:False, expecting:False, T=1.59
2026-09-10 17:08 INFO: P:float-nonlinear-calculation/MathSin,  verdict:True, expecting:False, T=1.21
2026-09-10 17:09 INFO: P:float-nonlinear-calculation/Optimization1,  verdict:TIMEOUT, expecting:False, T=69.956
2026-09-10 17:10 INFO: P:float-nonlinear-calculation/Optimization2,  verdict:TIMEOUT, expecting:False, T=70.067
2026-09-10 17:10 INFO: P:float-nonlinear-calculation/coral1,  verdict:False, expecting:False, T=1.367
2026-09-10 17:10 INFO: == END
2026-09-10 17:10 INFO: == tasktype:false-valid-assert, #problems:5, tested:5, correct:2
2026-09-10 17:15 INFO: == START benchmarking. tool:maze, tasktype:false-valid-assert
2026-09-10 17:15 INFO: P:float-nonlinear-calculation/EulerMethod,  verdict:False, expecting:False, T=1.365
2026-09-10 17:15 INFO: P:float-nonlinear-calculation/MathSin,  verdict:True, expecting:False, T=2.45
2026-09-10 17:16 INFO: P:float-nonlinear-calculation/Optimization1,  verdict:TIMEOUT, expecting:False, T=70.034
2026-09-10 17:17 INFO: P:float-nonlinear-calculation/Optimization2,  verdict:TIMEOUT, expecting:False, T=70.094
2026-09-10 17:17 INFO: P:float-nonlinear-calculation/coral1,  verdict:False, expecting:False, T=2.059
2026-09-10 17:17 INFO: P:float-nonlinear-calculation/coral10,  verdict:True, expecting:False, T=2.126
2026-09-10 17:17 INFO: == END
2026-09-10 17:17 INFO: == tasktype:false-valid-assert, #problems:6, tested:6, correct:2
2026-09-10 17:29 INFO: == START benchmarking. tool:maze, tasktype:false-valid-assert
2026-09-10 17:29 INFO: P:float-nonlinear-calculation/EulerMethod,  verdict:False, expecting:False, T=1.477
2026-09-10 17:29 INFO: P:float-nonlinear-calculation/MathSin,  verdict:True, expecting:False, T=1.076
2026-09-10 17:30 INFO: P:float-nonlinear-calculation/Optimization1,  verdict:TIMEOUT, expecting:False, T=70.06
2026-09-10 17:31 INFO: P:float-nonlinear-calculation/Optimization2,  verdict:TIMEOUT, expecting:False, T=70.077
2026-09-10 17:31 INFO: P:float-nonlinear-calculation/coral1,  verdict:False, expecting:False, T=1.366
2026-09-10 17:31 INFO: P:float-nonlinear-calculation/coral10,  verdict:True, expecting:False, T=1.761
2026-09-10 17:31 INFO: P:float-nonlinear-calculation/coral11,  verdict:False, expecting:False, T=1.332
2026-09-10 17:31 INFO: == END
2026-09-10 17:31 INFO: == tasktype:false-valid-assert, #problems:7, tested:7, correct:3
2026-09-10 17:34 INFO: == START benchmarking. tool:maze, tasktype:false-valid-assert
2026-09-10 17:34 INFO: P:float-nonlinear-calculation/EulerMethod,  verdict:False, expecting:False, T=1.447
2026-09-10 17:34 INFO: P:float-nonlinear-calculation/MathSin,  verdict:True, expecting:False, T=1.288
2026-09-10 17:35 INFO: P:float-nonlinear-calculation/Optimization1,  verdict:TIMEOUT, expecting:False, T=70.032
2026-09-10 17:36 INFO: P:float-nonlinear-calculation/Optimization2,  verdict:TIMEOUT, expecting:False, T=70.068
2026-09-10 17:36 INFO: P:float-nonlinear-calculation/coral1,  verdict:False, expecting:False, T=1.198
2026-09-10 17:36 INFO: P:float-nonlinear-calculation/coral10,  verdict:True, expecting:False, T=1.767
2026-09-10 17:36 INFO: P:float-nonlinear-calculation/coral11,  verdict:False, expecting:False, T=1.341
2026-09-10 17:36 INFO: P:float-nonlinear-calculation/coral12,  verdict:False, expecting:False, T=1.586
2026-09-10 17:36 INFO: == END
2026-09-10 17:36 INFO: == tasktype:false-valid-assert, #problems:8, tested:8, correct:4
2026-09-10 17:37 INFO: == START benchmarking. tool:maze, tasktype:false-valid-assert
2026-09-10 17:37 INFO: P:float-nonlinear-calculation/EulerMethod,  verdict:False, expecting:False, T=1.07
2026-09-10 17:37 INFO: P:float-nonlinear-calculation/MathSin,  verdict:True, expecting:False, T=1.318
2026-09-10 17:39 INFO: P:float-nonlinear-calculation/Optimization1,  verdict:TIMEOUT, expecting:False, T=70.036
2026-09-10 17:40 INFO: P:float-nonlinear-calculation/Optimization2,  verdict:TIMEOUT, expecting:False, T=70.1
2026-09-10 17:40 INFO: P:float-nonlinear-calculation/coral1,  verdict:False, expecting:False, T=1.649
2026-09-10 17:40 INFO: P:float-nonlinear-calculation/coral10,  verdict:True, expecting:False, T=2.7
2026-09-10 17:40 INFO: P:float-nonlinear-calculation/coral11,  verdict:False, expecting:False, T=1.89
2026-09-10 17:40 INFO: P:float-nonlinear-calculation/coral12,  verdict:False, expecting:False, T=1.231
2026-09-10 17:40 INFO: P:float-nonlinear-calculation/coral13,  verdict:False, expecting:False, T=1.167
2026-09-10 17:40 INFO: == END
2026-09-10 17:40 INFO: == tasktype:false-valid-assert, #problems:9, tested:9, correct:5
2026-09-10 17:55 INFO: == START benchmarking. tool:maze, tasktype:false-valid-assert
2026-09-10 17:55 INFO: P:float-nonlinear-calculation/EulerMethod,  verdict:False, expecting:False, T=2.116
2026-09-10 17:55 INFO: P:float-nonlinear-calculation/MathSin,  verdict:True, expecting:False, T=1.647
2026-09-10 17:56 INFO: P:float-nonlinear-calculation/Optimization1,  verdict:TIMEOUT, expecting:False, T=70.036
2026-09-10 17:57 INFO: P:float-nonlinear-calculation/Optimization2,  verdict:TIMEOUT, expecting:False, T=70.06
2026-09-10 17:57 INFO: P:float-nonlinear-calculation/coral1,  verdict:False, expecting:False, T=1.159
2026-09-10 17:57 INFO: P:float-nonlinear-calculation/coral2,  verdict:True, expecting:False, T=1.121
2026-09-10 17:57 INFO: P:float-nonlinear-calculation/coral10,  verdict:True, expecting:False, T=1.745
2026-09-10 17:57 INFO: P:float-nonlinear-calculation/coral11,  verdict:False, expecting:False, T=1.234
2026-09-10 17:57 INFO: P:float-nonlinear-calculation/coral12,  verdict:False, expecting:False, T=1.178
2026-09-10 17:57 INFO: P:float-nonlinear-calculation/coral13,  verdict:False, expecting:False, T=1.168
2026-09-10 17:57 INFO: P:float-nonlinear-calculation/coral14,  verdict:False, expecting:False, T=1.258
2026-09-10 17:57 INFO: P:float-nonlinear-calculation/coral15,  verdict:True, expecting:False, T=1.24
2026-09-10 17:59 INFO: P:float-nonlinear-calculation/coral16,  verdict:TIMEOUT, expecting:False, T=70.044
2026-09-10 17:59 INFO: P:float-nonlinear-calculation/coral17,  verdict:True, expecting:False, T=1.122
2026-09-10 17:59 INFO: P:float-nonlinear-calculation/coral18,  verdict:True, expecting:False, T=1.104
2026-09-10 17:59 INFO: P:float-nonlinear-calculation/coral19,  verdict:True, expecting:False, T=1.085
2026-09-10 17:59 INFO: P:float-nonlinear-calculation/coral20,  verdict:True, expecting:False, T=20.792
2026-09-10 17:59 INFO: == END
2026-09-10 17:59 INFO: == tasktype:false-valid-assert, #problems:17, tested:17, correct:6
